// Jest Snapshot v1, https://goo.gl/fbAQLP

exports[`matches snapshot... 1`] = `
<DocumentFragment>
  <div>
    <img
      alt="showing a us coin"
    />
  </div>
</DocumentFragment>
`;
